Hello OpenMP        -1
 1 2 4 8
    1    2    4    8
  1  2  4  8
 14. 18. (24.,25.) (28.,29.)
